0_attrs.0_attrs_active.active=true
0_attrs.0_attrs_active.created=true
0_attrs.0_attrs_active.name=active
0_attrs.0_attrs_active.null=false
0_attrs.0_attrs_active.set=0_attrs
0_attrs.0_attrs_active.type=bool
0_attrs.0_attrs_created.active=true
0_attrs.0_attrs_created.created=true
0_attrs.0_attrs_created.name=created
0_attrs.0_attrs_created.null=false
0_attrs.0_attrs_created.set=0_attrs
0_attrs.0_attrs_created.type=bool
0_attrs.0_attrs_name.active=true
0_attrs.0_attrs_name.created=true
0_attrs.0_attrs_name.name=name
0_attrs.0_attrs_name.null=false
0_attrs.0_attrs_name.set=0_attrs
0_attrs.0_attrs_name.type=string
0_attrs.0_attrs_null.active=true
0_attrs.0_attrs_null.created=true
0_attrs.0_attrs_null.name=null
0_attrs.0_attrs_null.null=false
0_attrs.0_attrs_null.set=0_attrs
0_attrs.0_attrs_null.type=bool
0_attrs.0_attrs_type.active=true
0_attrs.0_attrs_type.created=true
0_attrs.0_attrs_type.name=type
0_attrs.0_attrs_type.null=false
0_attrs.0_attrs_type.set=0_attrs
0_attrs.0_attrs_type.type=string
0_attrs.0_backlog_done.active=true
0_attrs.0_backlog_done.created=true
0_attrs.0_backlog_done.name=done
0_attrs.0_backlog_done.null=false
0_attrs.0_backlog_done.set=0_backlog
0_attrs.0_backlog_done.type=bool
0_attrs.0_meta_value.active=true
0_attrs.0_meta_value.created=true
0_attrs.0_meta_value.name=value
0_attrs.0_meta_value.null=false
0_attrs.0_meta_value.set=0_meta
0_attrs.0_meta_value.type=string
0_attrs.0_ops_op.active=true
0_attrs.0_ops_op.created=true
0_attrs.0_ops_op.name=op
0_attrs.0_ops_op.null=false
0_attrs.0_ops_op.set=0_ops
0_attrs.0_ops_op.type=string
0_attrs.0_rels_active.active=true
0_attrs.0_rels_active.created=true
0_attrs.0_rels_active.name=active
0_attrs.0_rels_active.null=false
0_attrs.0_rels_active.set=0_rels
0_attrs.0_rels_active.type=bool
0_attrs.0_rels_created.active=true
0_attrs.0_rels_created.created=true
0_attrs.0_rels_created.name=created
0_attrs.0_rels_created.null=false
0_attrs.0_rels_created.set=0_rels
0_attrs.0_rels_created.type=bool
0_attrs.0_rels_from-name.active=true
0_attrs.0_rels_from-name.created=true
0_attrs.0_rels_from-name.name=from-name
0_attrs.0_rels_from-name.null=false
0_attrs.0_rels_from-name.set=0_rels
0_attrs.0_rels_from-name.type=string
0_attrs.0_rels_from-one.active=true
0_attrs.0_rels_from-one.created=true
0_attrs.0_rels_from-one.name=from-one
0_attrs.0_rels_from-one.null=false
0_attrs.0_rels_from-one.set=0_rels
0_attrs.0_rels_from-one.type=bool
0_attrs.0_rels_to-name.active=true
0_attrs.0_rels_to-name.created=true
0_attrs.0_rels_to-name.name=to-name
0_attrs.0_rels_to-name.null=false
0_attrs.0_rels_to-name.set=0_rels
0_attrs.0_rels_to-name.type=string
0_attrs.0_rels_to-one.active=true
0_attrs.0_rels_to-one.created=true
0_attrs.0_rels_to-one.name=to-one
0_attrs.0_rels_to-one.null=false
0_attrs.0_rels_to-one.set=0_rels
0_attrs.0_rels_to-one.type=bool
0_attrs.0_sets_active.active=true
0_attrs.0_sets_active.created=true
0_attrs.0_sets_active.name=active
0_attrs.0_sets_active.null=false
0_attrs.0_sets_active.set=0_sets
0_attrs.0_sets_active.type=bool
0_attrs.0_sets_created.active=true
0_attrs.0_sets_created.created=true
0_attrs.0_sets_created.name=created
0_attrs.0_sets_created.null=false
0_attrs.0_sets_created.set=0_sets
0_attrs.0_sets_created.type=bool
0_attrs.0_sets_name.active=true
0_attrs.0_sets_name.created=true
0_attrs.0_sets_name.name=name
0_attrs.0_sets_name.null=false
0_attrs.0_sets_name.set=0_sets
0_attrs.0_sets_name.type=string
0_attrs.0_sets_version.active=true
0_attrs.0_sets_version.created=true
0_attrs.0_sets_version.name=version
0_attrs.0_sets_version.null=false
0_attrs.0_sets_version.set=0_sets
0_attrs.0_sets_version.type=uint
0_rels.0_attrs_set_0_sets_attrs.active=true
0_rels.0_attrs_set_0_sets_attrs.created=true
0_rels.0_attrs_set_0_sets_attrs.from-name=set
0_rels.0_attrs_set_0_sets_attrs.from-one=false
0_rels.0_attrs_set_0_sets_attrs.from-set=0_attrs
0_rels.0_attrs_set_0_sets_attrs.to-name=attrs
0_rels.0_attrs_set_0_sets_attrs.to-one=true
0_rels.0_attrs_set_0_sets_attrs.to-set=0_sets
0_rels.0_backlog_ops.active=true
0_rels.0_backlog_ops.created=true
0_rels.0_backlog_ops.from-name=ops
0_rels.0_backlog_ops.from-one=false
0_rels.0_backlog_ops.from-set=0_backlog
0_rels.0_backlog_ops.to-name=
0_rels.0_backlog_ops.to-one=false
0_rels.0_backlog_ops.to-set=0_ops
0_rels.0_rels_from-set_0_sets_rels.active=true
0_rels.0_rels_from-set_0_sets_rels.created=true
0_rels.0_rels_from-set_0_sets_rels.from-name=from-set
0_rels.0_rels_from-set_0_sets_rels.from-one=false
0_rels.0_rels_from-set_0_sets_rels.from-set=0_rels
0_rels.0_rels_from-set_0_sets_rels.to-name=rels
0_rels.0_rels_from-set_0_sets_rels.to-one=true
0_rels.0_rels_from-set_0_sets_rels.to-set=0_sets
0_rels.0_rels_to-set.active=true
0_rels.0_rels_to-set.created=true
0_rels.0_rels_to-set.from-name=to-set
0_rels.0_rels_to-set.from-one=false
0_rels.0_rels_to-set.from-set=0_rels
0_rels.0_rels_to-set.to-name=
0_rels.0_rels_to-set.to-one=true
0_rels.0_rels_to-set.to-set=0_sets
0_sets.0_attrs.active=true
0_sets.0_attrs.attrs=0_attrs_active,0_attrs_created,0_attrs_name,0_attrs_null,0_attrs_type
0_sets.0_attrs.created=true
0_sets.0_attrs.name=0_attrs
0_sets.0_attrs.rels=
0_sets.0_attrs.version=0
0_sets.0_backlog.active=true
0_sets.0_backlog.attrs=0_backlog_done
0_sets.0_backlog.created=true
0_sets.0_backlog.name=0_backlog
0_sets.0_backlog.rels=
0_sets.0_backlog.version=0
0_sets.0_meta.active=true
0_sets.0_meta.attrs=0_meta_value
0_sets.0_meta.created=true
0_sets.0_meta.name=0_meta
0_sets.0_meta.rels=
0_sets.0_meta.version=0
0_sets.0_ops.active=true
0_sets.0_ops.attrs=0_ops_op
0_sets.0_ops.created=true
0_sets.0_ops.name=0_ops
0_sets.0_ops.rels=
0_sets.0_ops.version=0
0_sets.0_rels.active=true
0_sets.0_rels.attrs=0_rels_active,0_rels_created,0_rels_from-name,0_rels_from-one,0_rels_to-name,0_rels_to-one
0_sets.0_rels.created=true
0_sets.0_rels.name=0_rels
0_sets.0_rels.rels=
0_sets.0_rels.version=0
0_sets.0_sets.active=true
0_sets.0_sets.attrs=0_sets_active,0_sets_created,0_sets_name,0_sets_version
0_sets.0_sets.created=true
0_sets.0_sets.name=0_sets
0_sets.0_sets.rels=
0_sets.0_sets.version=0
0_sets.type_name.active=true
0_sets.type_name.attrs=
0_sets.type_name.created=true
0_sets.type_name.name=type_name
0_sets.type_name.rels=
0_sets.type_name.version=0