0_sets._.id = users
0_sets.users.name = users
0_sets.users.version = 0
0_sets.users.created = true
0_sets.users.active = false
0_sets.users.active = true
0_attrs._.id = users_username
0_attrs.users_username.name = username
0_attrs.users_username.type = string
0_attrs.users_username.null = false
0_attrs.users_username.set = users
0_attrs.users_username.created = true
0_attrs.users_username.active = false
0_sets.users.attrs > users_username
0_attrs.users_username.active = true
0_attrs._.id = users_password
0_attrs.users_password.name = password
0_attrs.users_password.type = string
0_attrs.users_password.null = false
0_attrs.users_password.set = users
0_attrs.users_password.created = true
0_attrs.users_password.active = false
0_sets.users.attrs > users_password
0_attrs.users_password.active = true
0_attrs._.id = users_created-at
0_attrs.users_created-at.name = created-at
0_attrs.users_created-at.type = time
0_attrs.users_created-at.null = false
0_attrs.users_created-at.set = users
0_attrs.users_created-at.created = true
0_attrs.users_created-at.active = false
0_sets.users.attrs > users_created-at
0_attrs.users_created-at.active = true
0_sets._.id = articles
0_sets.articles.name = articles
0_sets.articles.version = 0
0_sets.articles.created = true
0_sets.articles.active = false
0_sets.articles.active = true
0_attrs._.id = articles_title
0_attrs.articles_title.name = title
0_attrs.articles_title.type = string
0_attrs.articles_title.null = false
0_attrs.articles_title.set = articles
0_attrs.articles_title.created = true
0_attrs.articles_title.active = false
0_sets.articles.attrs > articles_title
0_attrs.articles_title.active = true
0_attrs._.id = articles_content
0_attrs.articles_content.name = content
0_attrs.articles_content.type = string
0_attrs.articles_content.null = false
0_attrs.articles_content.set = articles
0_attrs.articles_content.created = true
0_attrs.articles_content.active = false
0_sets.articles.attrs > articles_content
0_attrs.articles_content.active = true
0_attrs._.id = articles_created-at
0_attrs.articles_created-at.name = created-at
0_attrs.articles_created-at.type = string
0_attrs.articles_created-at.null = false
0_attrs.articles_created-at.set = articles
0_attrs.articles_created-at.created = true
0_attrs.articles_created-at.active = false
0_sets.articles.attrs > articles_created-at
0_attrs.articles_created-at.active = true
0_attrs._.id = articles_updated-at
0_attrs.articles_updated-at.name = updated-at
0_attrs.articles_updated-at.type = string
0_attrs.articles_updated-at.null = false
0_attrs.articles_updated-at.set = articles
0_attrs.articles_updated-at.created = true
0_attrs.articles_updated-at.active = false
0_sets.articles.attrs > articles_updated-at
0_attrs.articles_updated-at.active = true
0_rels._.id = articles_author_users_articles
0_rels.articles_author_users_articles.from-name = articles
0_rels.articles_author_users_articles.from-set = users
0_rels.articles_author_users_articles.to-one = false
0_rels.articles_author_users_articles.to-set = articles
0_rels.articles_author_users_articles.to-name = author
0_rels.articles_author_users_articles.from-one = true
0_rels.articles_author_users_articles.created = true
0_rels.articles_author_users_articles.active = false
0_sets.users.rels > articles_author_users_articles
0_rels.articles_author_users_articles.active = true
users._.id = abc123
users.abc123.username = mafiaboy
0_sets._.id = type_name
0_sets.type_name.name = type_name
0_sets.type_name.version = 0
0_sets.type_name.created = true
0_sets.type_name.active = false
0_sets.type_name.active = true