0_attrs.0_attrs_active.active=true
0_attrs.0_attrs_active.name=active
0_attrs.0_attrs_active.null=false
0_attrs.0_attrs_active.set=0_attrs
0_attrs.0_attrs_active.type=bool
0_attrs.0_attrs_name.active=true
0_attrs.0_attrs_name.name=name
0_attrs.0_attrs_name.null=false
0_attrs.0_attrs_name.set=0_attrs
0_attrs.0_attrs_name.type=string
0_attrs.0_attrs_null.active=true
0_attrs.0_attrs_null.name=null
0_attrs.0_attrs_null.null=false
0_attrs.0_attrs_null.set=0_attrs
0_attrs.0_attrs_null.type=bool
0_attrs.0_attrs_type.active=true
0_attrs.0_attrs_type.name=type
0_attrs.0_attrs_type.null=false
0_attrs.0_attrs_type.set=0_attrs
0_attrs.0_attrs_type.type=string
0_attrs.0_meta_value.active=true
0_attrs.0_meta_value.name=value
0_attrs.0_meta_value.null=false
0_attrs.0_meta_value.set=0_meta
0_attrs.0_meta_value.type=string
0_attrs.0_rels_active.active=true
0_attrs.0_rels_active.name=active
0_attrs.0_rels_active.null=false
0_attrs.0_rels_active.set=0_rels
0_attrs.0_rels_active.type=bool
0_attrs.0_rels_from-name.active=true
0_attrs.0_rels_from-name.name=from-name
0_attrs.0_rels_from-name.null=false
0_attrs.0_rels_from-name.set=0_rels
0_attrs.0_rels_from-name.type=string
0_attrs.0_rels_from-one.active=true
0_attrs.0_rels_from-one.name=from-one
0_attrs.0_rels_from-one.null=false
0_attrs.0_rels_from-one.set=0_rels
0_attrs.0_rels_from-one.type=bool
0_attrs.0_rels_to-name.active=true
0_attrs.0_rels_to-name.name=to-name
0_attrs.0_rels_to-name.null=false
0_attrs.0_rels_to-name.set=0_rels
0_attrs.0_rels_to-name.type=string
0_attrs.0_rels_to-one.active=true
0_attrs.0_rels_to-one.name=to-one
0_attrs.0_rels_to-one.null=false
0_attrs.0_rels_to-one.set=0_rels
0_attrs.0_rels_to-one.type=bool
0_attrs.0_sets_active.active=true
0_attrs.0_sets_active.name=active
0_attrs.0_sets_active.null=false
0_attrs.0_sets_active.set=0_sets
0_attrs.0_sets_active.type=bool
0_attrs.0_sets_name.active=true
0_attrs.0_sets_name.name=name
0_attrs.0_sets_name.null=false
0_attrs.0_sets_name.set=0_sets
0_attrs.0_sets_name.type=string
0_attrs.0_sets_version.active=true
0_attrs.0_sets_version.name=version
0_attrs.0_sets_version.null=false
0_attrs.0_sets_version.set=0_sets
0_attrs.0_sets_version.type=uint
0_attrs.articles_content.active=true
0_attrs.articles_content.name=content
0_attrs.articles_content.null=false
0_attrs.articles_content.set=articles
0_attrs.articles_content.type=string
0_attrs.articles_created-at.active=true
0_attrs.articles_created-at.name=created-at
0_attrs.articles_created-at.null=false
0_attrs.articles_created-at.set=articles
0_attrs.articles_created-at.type=string
0_attrs.articles_title.active=true
0_attrs.articles_title.name=title
0_attrs.articles_title.null=false
0_attrs.articles_title.set=articles
0_attrs.articles_title.type=string
0_attrs.articles_updated-at.active=true
0_attrs.articles_updated-at.name=updated-at
0_attrs.articles_updated-at.null=false
0_attrs.articles_updated-at.set=articles
0_attrs.articles_updated-at.type=string
0_attrs.users_created-at.active=true
0_attrs.users_created-at.name=created-at
0_attrs.users_created-at.null=false
0_attrs.users_created-at.set=users
0_attrs.users_created-at.type=time
0_attrs.users_password.active=true
0_attrs.users_password.name=password
0_attrs.users_password.null=false
0_attrs.users_password.set=users
0_attrs.users_password.type=string
0_attrs.users_username.active=true
0_attrs.users_username.name=username
0_attrs.users_username.null=false
0_attrs.users_username.set=users
0_attrs.users_username.type=string
0_rels.0_attrs_set.active=true
0_rels.0_attrs_set.from-name=set
0_rels.0_attrs_set.from-one=false
0_rels.0_attrs_set.from-set=0_attrs
0_rels.0_attrs_set.to-name=attrs
0_rels.0_attrs_set.to-one=true
0_rels.0_attrs_set.to-set=0_sets
0_rels.0_log_ops.active=true
0_rels.0_log_ops.from-name=ops
0_rels.0_log_ops.from-one=true
0_rels.0_log_ops.from-set=0_log
0_rels.0_log_ops.to-name=version
0_rels.0_log_ops.to-one=false
0_rels.0_log_ops.to-set=0_ops
0_rels.0_rels_from-set.active=true
0_rels.0_rels_from-set.from-name=from-set
0_rels.0_rels_from-set.from-one=false
0_rels.0_rels_from-set.from-set=0_rels
0_rels.0_rels_from-set.to-name=rels
0_rels.0_rels_from-set.to-one=true
0_rels.0_rels_from-set.to-set=0_sets
0_rels.0_rels_to-set.active=true
0_rels.0_rels_to-set.from-name=to-set
0_rels.0_rels_to-set.from-one=false
0_rels.0_rels_to-set.from-set=0_rels
0_rels.0_rels_to-set.to-name=
0_rels.0_rels_to-set.to-one=true
0_rels.0_rels_to-set.to-set=0_sets
0_rels.users_articles.active=true
0_rels.users_articles.from-name=articles
0_rels.users_articles.from-one=true
0_rels.users_articles.from-set=users
0_rels.users_articles.to-name=author
0_rels.users_articles.to-one=false
0_rels.users_articles.to-set=articles
0_sets.0_attrs.active=true
0_sets.0_attrs.attrs=0_attrs_active,0_attrs_name,0_attrs_null,0_attrs_type
0_sets.0_attrs.name=0_attrs
0_sets.0_attrs.rels=
0_sets.0_attrs.version=0
0_sets.0_log.active=true
0_sets.0_log.attrs=
0_sets.0_log.name=0_log
0_sets.0_log.rels=
0_sets.0_log.version=0
0_sets.0_meta.active=true
0_sets.0_meta.attrs=0_meta_value
0_sets.0_meta.name=0_meta
0_sets.0_meta.rels=
0_sets.0_meta.version=0
0_sets.0_ops.active=true
0_sets.0_ops.attrs=
0_sets.0_ops.name=0_ops
0_sets.0_ops.rels=
0_sets.0_ops.version=0
0_sets.0_rels.active=true
0_sets.0_rels.attrs=0_rels_active,0_rels_from-name,0_rels_from-one,0_rels_to-name,0_rels_to-one
0_sets.0_rels.name=0_rels
0_sets.0_rels.rels=
0_sets.0_rels.version=0
0_sets.0_sets.active=true
0_sets.0_sets.attrs=0_sets_active,0_sets_name,0_sets_version
0_sets.0_sets.name=0_sets
0_sets.0_sets.rels=
0_sets.0_sets.version=0
0_sets.articles.active=true
0_sets.articles.attrs=articles_title,articles_content,articles_created-at,articles_updated-at
0_sets.articles.name=articles
0_sets.articles.rels=
0_sets.articles.version=0
0_sets.users.active=true
0_sets.users.attrs=users_username,users_password,users_created-at
0_sets.users.name=users
0_sets.users.rels=users_articles
0_sets.users.version=0
users.abc123.articles=
users.abc123.password=
users.abc123.username=
