0_attrs.0_attrs_active.active=true
0_attrs.0_attrs_active.name=active
0_attrs.0_attrs_active.null=false
0_attrs.0_attrs_active.set=0_attrs
0_attrs.0_attrs_active.type=bool
0_attrs.0_attrs_name.active=true
0_attrs.0_attrs_name.name=name
0_attrs.0_attrs_name.null=false
0_attrs.0_attrs_name.set=0_attrs
0_attrs.0_attrs_name.type=string
0_attrs.0_attrs_null.active=true
0_attrs.0_attrs_null.name=null
0_attrs.0_attrs_null.null=false
0_attrs.0_attrs_null.set=0_attrs
0_attrs.0_attrs_null.type=bool
0_attrs.0_attrs_type.active=true
0_attrs.0_attrs_type.name=type
0_attrs.0_attrs_type.null=false
0_attrs.0_attrs_type.set=0_attrs
0_attrs.0_attrs_type.type=string
0_attrs.0_meta_value.active=true
0_attrs.0_meta_value.name=value
0_attrs.0_meta_value.null=false
0_attrs.0_meta_value.set=0_meta
0_attrs.0_meta_value.type=string
0_attrs.0_rels_active.active=true
0_attrs.0_rels_active.name=active
0_attrs.0_rels_active.null=false
0_attrs.0_rels_active.set=0_rels
0_attrs.0_rels_active.type=bool
0_attrs.0_rels_name.active=true
0_attrs.0_rels_name.name=name
0_attrs.0_rels_name.null=false
0_attrs.0_rels_name.set=0_rels
0_attrs.0_rels_name.type=string
0_attrs.0_rels_to-one.active=true
0_attrs.0_rels_to-one.name=to-one
0_attrs.0_rels_to-one.null=false
0_attrs.0_rels_to-one.set=0_rels
0_attrs.0_rels_to-one.type=bool
0_attrs.0_sets_active.active=true
0_attrs.0_sets_active.name=active
0_attrs.0_sets_active.null=false
0_attrs.0_sets_active.set=0_sets
0_attrs.0_sets_active.type=bool
0_attrs.0_sets_name.active=true
0_attrs.0_sets_name.name=name
0_attrs.0_sets_name.null=false
0_attrs.0_sets_name.set=0_sets
0_attrs.0_sets_name.type=string
0_attrs.0_sets_version.active=true
0_attrs.0_sets_version.name=version
0_attrs.0_sets_version.null=false
0_attrs.0_sets_version.set=0_sets
0_attrs.0_sets_version.type=int
0_rels.0_attrs_set.active=true
0_rels.0_attrs_set.inverse-active=false
0_rels.0_attrs_set.inverse-name=
0_rels.0_attrs_set.inverse-set=
0_rels.0_attrs_set.inverse-to-one=false
0_rels.0_attrs_set.name=set
0_rels.0_attrs_set.set=0_attrs
0_rels.0_attrs_set.to-one=true
0_rels.0_rels_inverse.active=true
0_rels.0_rels_inverse.inverse-active=false
0_rels.0_rels_inverse.inverse-name=
0_rels.0_rels_inverse.inverse-set=
0_rels.0_rels_inverse.inverse-to-one=false
0_rels.0_rels_inverse.name=inverse
0_rels.0_rels_inverse.set=0_rels
0_rels.0_rels_inverse.to-one=true
0_rels.0_rels_set.active=true
0_rels.0_rels_set.inverse-active=false
0_rels.0_rels_set.inverse-name=
0_rels.0_rels_set.inverse-set=
0_rels.0_rels_set.inverse-to-one=false
0_rels.0_rels_set.name=set
0_rels.0_rels_set.set=0_rels
0_rels.0_rels_set.to-one=true
0_rels.0_sets_attrs.active=true
0_rels.0_sets_attrs.inverse-active=false
0_rels.0_sets_attrs.inverse-name=
0_rels.0_sets_attrs.inverse-set=
0_rels.0_sets_attrs.inverse-to-one=false
0_rels.0_sets_attrs.name=attrs
0_rels.0_sets_attrs.set=0_sets
0_rels.0_sets_attrs.to-one=false
0_rels.0_sets_rels.active=true
0_rels.0_sets_rels.inverse-active=false
0_rels.0_sets_rels.inverse-name=
0_rels.0_sets_rels.inverse-set=
0_rels.0_sets_rels.inverse-to-one=false
0_rels.0_sets_rels.name=rels
0_rels.0_sets_rels.set=0_sets
0_rels.0_sets_rels.to-one=false
0_sets.0_attrs.active=true
0_sets.0_attrs.attrs=0_attrs_name,0_attrs_type,0_attrs_null,0_attrs_active
0_sets.0_attrs.name=0_attrs
0_sets.0_attrs.rels=0_attrs_set
0_sets.0_attrs.version=0
0_sets.0_meta.active=true
0_sets.0_meta.attrs=0_meta_value
0_sets.0_meta.name=0_meta
0_sets.0_meta.rels=
0_sets.0_meta.version=0
0_sets.0_rels.active=true
0_sets.0_rels.attrs=0_rels_name,0_rels_to-one,0_rels_active
0_sets.0_rels.name=0_rels
0_sets.0_rels.rels=0_rels_set
0_sets.0_rels.version=0
0_sets.0_sets.active=true
0_sets.0_sets.attrs=0_sets_name,0_sets_version,0_sets_active
0_sets.0_sets.name=0_sets
0_sets.0_sets.rels=0_sets_attrs,0_sets_rels
0_sets.0_sets.version=0
